0 verbose cli /Users/juliano/.asdf/installs/nodejs/24.6.0/bin/node /Users/juliano/.asdf/installs/nodejs/24.6.0/lib/node_modules/npm/bin/npm-cli.js
1 info using npm@11.5.1
2 info using node@v24.6.0
3 silly config load:file:/Users/juliano/.asdf/installs/nodejs/24.6.0/lib/node_modules/npm/npmrc
4 info config found workspace root at /Users/juliano/Development/.worktrees/maf-s7/.factory/workspaces/daily-checklist-202610022336
5 silly config load:file:/Users/juliano/Development/.worktrees/maf-s7/.factory/workspaces/daily-checklist-202610022336/.npmrc
6 silly config load:file:/Users/juliano/Development/.worktrees/maf-s7/.factory/workspaces/daily-checklist-202610022336/.factory-home/.npmrc
7 silly config load:file:/Users/juliano/.asdf/installs/nodejs/24.6.0/etc/npmrc
8 verbose title npm exec jest --json --outputFile /var/folders/2d/rggl63292dx_pw856g_4_jlr0000gn/T/jest-12769-apps_reference.json
9 verbose argv "exec" "--" "jest" "--json" "--outputFile" "/var/folders/2d/rggl63292dx_pw856g_4_jlr0000gn/T/jest-12769-apps_reference.json"
10 verbose logfile logs-max:10 dir:/Users/juliano/Development/.worktrees/maf-s7/.factory/workspaces/daily-checklist-202610022336/.factory-home/.npm/_logs/2026-10-02T23_58_52_140Z-
11 verbose logfile /Users/juliano/Development/.worktrees/maf-s7/.factory/workspaces/daily-checklist-202610022336/.factory-home/.npm/_logs/2026-10-02T23_58_52_140Z-debug-0.log
12 silly logfile start cleaning logs, removing 1 files
13 silly logfile done cleaning log files
14 verbose cwd /Users/juliano/Development/.worktrees/maf-s7/.factory/workspaces/daily-checklist-202610022336/apps/reference
15 verbose os Darwin 27.0.0
16 verbose node v24.6.0
17 verbose npm  v11.5.1
18 verbose exit 0
19 info ok
